// Jest Snapshot v1, https://goo.gl/fbAQLP

exports[`components/inline should render 1`] = `
<div
  className="inline-items proposal-subtitle"
>
  <span className="proposal-subtitle-item" key="0">
    speakerName
  </span>
  <span
    className="inline-items-separator"
    key="1-separator"
  >
    •
  </span>
  <span
    className="proposal-subtitle-item"
    key="1"
  >
    formatLabel
  </span>
  <span
    className="inline-items-separator"
    key="2-separator"
  >
    •
  </span>
  <span
    className="proposal-subtitle-item"
    key="2"
  >
    categoryLabel
  </span>
</div>
`;
