// Jest Snapshot v1, https://goo.gl/fbAQLP

exports[`components/button should render with children 1`] = `
<a
  className="cc-button cc-button-secondary test"
  href="someurl"
>
  Benjamin
</a>
`;

exports[`components/button should renter with function children 1`] = `
<div>
  some content
</div>
`;
