// Jest Snapshot v1, https://goo.gl/fbAQLP

exports[`components/maps should not render if no address 1`] = `null`;

exports[`components/maps should render if address 1`] = `
<iframe
  allowFullScreen={true}
  className="maps"
  frameBorder="0"
  src="https://www.google.com/maps/embed/v1/place?key=<API_KEY>&q=c"
  title="maps"
/>
`;
