// Jest Snapshot v1, https://goo.gl/fbAQLP

exports[`components/checkbox should render with children 1`] = `
<div
  className="form-checkbox"
>
  <input
    checked={false}
    id="name-false"
    name="name"
    type="checkbox"
    value={false}
  />
  <label
    htmlFor="name-false"
  >
    label
  </label>
</div>
`;
