// Jest Snapshot v1, https://goo.gl/fbAQLP

exports[`components/stepper should render 1`] = `
<div
  className="stepper"
>
  <div
    className="steps-labels"
  >
    <StepLabel
      current={0}
      key="0"
      label="Event selection"
      step={0}
    />
    <StepLabel
      current={0}
      key="1"
      label="Talk details"
      step={1}
    />
    <StepLabel
      current={0}
      key="2"
      label="Event submission"
      step={2}
    />
    <StepLabel
      current={0}
      key="3"
      label="Done !"
      step={3}
    />
  </div>
  <div
    className="steps-icons"
  >
    <Step
      current={0}
      icon="fa fa-bars"
      step={0}
    />
    <StepSpace
      current={0}
      step={0}
    />
    <Step
      current={0}
      icon="fa fa-microphone"
      step={1}
    />
    <StepSpace
      current={0}
      step={1}
    />
    <Step
      current={0}
      icon="fa fa-calendar-check-o"
      step={2}
    />
    <StepSpace
      current={0}
      step={2}
    />
    <Step
      current={0}
      icon="fa fa-paper-plane"
      step={3}
    />
  </div>
</div>
`;
